This is pdfTeX, Version 3.141592653-2.6-1.40.22 (TeX Live 2021/Homebrew) (preloaded format=pdflatex 2022.3.3)  30 JUL 2026 18:38
entering extended mode
 restricted \write18 enabled.
 %&-line parsing enabled.
**V.tex
(./V.tex
LaTeX2e <2020-10-01> patch level 4
L3 programming layer <2021-02-18>
(/opt/homebrew/Cellar/texlive/58837_1/share/texmf-dist/tex/latex/standalone/sta
ndalone.cls
Document Class: standalone 2018/03/26 v1.3a Class to compile TeX sub-files stan
dalone

(/opt/homebrew/Cellar/texlive/58837_1/share/texmf-dist/tex/latex/tools/shellesc
.sty
Package: shellesc 2019/11/08 v1.0c unified shell escape interface for LaTeX
Package shellesc Info: Restricted shell escape enabled on input line 77.
)
(/opt/homebrew/Cellar/texlive/58837_1/share/texmf-dist/tex/generic/iftex/ifluat
ex.sty
Package: ifluatex 2019/10/25 v1.5 ifluatex legacy package. Use iftex instead.

(/opt/homebrew/Cellar/texlive/58837_1/share/texmf-dist/tex/generic/iftex/iftex.
sty
Package: iftex 2020/03/06 v1.0d TeX engine tests
))
(/opt/homebrew/Cellar/texlive/58837_1/share/texmf-dist/tex/latex/xkeyval/xkeyva
l.sty
Package: xkeyval 2020/11/20 v2.8 package option processing (HA)

(/opt/homebrew/Cellar/texlive/58837_1/share/texmf-dist/tex/generic/xkeyval/xkey
val.tex
(/opt/homebrew/Cellar/texlive/58837_1/share/texmf-dist/tex/generic/xkeyval/xkvu
tils.tex
\XKV@toks=\toks15
\XKV@tempa@toks=\toks16

(/opt/homebrew/Cellar/texlive/58837_1/share/texmf-dist/tex/generic/xkeyval/keyv
al.tex))
\XKV@depth=\count179
File: xkeyval.tex 2014/12/03 v2.7a key=value parser (HA)
))
\sa@internal=\count180
\c@sapage=\count181

(/opt/homebrew/Cellar/texlive/58837_1/share/texmf-dist/tex/latex/standalone/sta
ndalone.cfg
File: standalone.cfg 2018/03/26 v1.3a Default configuration file for 'standalon
e' class
)
(/opt/homebrew/Cellar/texlive/58837_1/share/texmf-dist/tex/latex/base/article.c
ls
Document Class: article 2020/04/10 v1.4m Standard LaTeX document class

(/opt/homebrew/Cellar/texlive/58837_1/share/texmf-dist/tex/latex/base/size10.cl
o
File: size10.clo 2020/04/10 v1.4m Standard LaTeX file (size option)
)
\c@part=\count182
\c@section=\count183
\c@subsection=\count184
\c@subsubsection=\count185
\c@paragraph=\count186
\c@subparagraph=\count187
\c@figure=\count188
\c@table=\count189
\abovecaptionskip=\skip47
\belowcaptionskip=\skip48
\bibindent=\dimen138
)
(/opt/homebrew/Cellar/texlive/58837_1/share/texmf-dist/tex/latex/pgf/frontendla
yer/tikz.sty
(/opt/homebrew/Cellar/texlive/58837_1/share/texmf-dist/tex/latex/pgf/basiclayer
/pgf.sty
(/opt/homebrew/Cellar/texlive/58837_1/share/texmf-dist/tex/latex/pgf/utilities/
pgfrcs.sty
(/opt/homebrew/Cellar/texlive/58837_1/share/texmf-dist/tex/generic/pgf/utilitie
s/pgfutil-common.tex
\pgfutil@everybye=\toks17
\pgfutil@tempdima=\dimen139
\pgfutil@tempdimb=\dimen140

(/opt/homebrew/Cellar/texlive/58837_1/share/texmf-dist/tex/generic/pgf/utilitie
s/pgfutil-common-lists.tex))
(/opt/homebrew/Cellar/texlive/58837_1/share/texmf-dist/tex/generic/pgf/utilitie
s/pgfutil-latex.def
\pgfutil@abb=\box47
)
(/opt/homebrew/Cellar/texlive/58837_1/share/texmf-dist/tex/generic/pgf/utilitie
s/pgfrcs.code.tex
(/opt/homebrew/Cellar/texlive/58837_1/share/texmf-dist/tex/generic/pgf/pgf.revi
sion.tex)
Package: pgfrcs 2020/12/27 v3.1.8b (3.1.8b)
))
Package: pgf 2020/12/27 v3.1.8b (3.1.8b)

(/opt/homebrew/Cellar/texlive/58837_1/share/texmf-dist/tex/latex/pgf/basiclayer
/pgfcore.sty
(/opt/homebrew/Cellar/texlive/58837_1/share/texmf-dist/tex/latex/graphics/graph
icx.sty
Package: graphicx 2020/09/09 v1.2b Enhanced LaTeX Graphics (DPC,SPQR)

(/opt/homebrew/Cellar/texlive/58837_1/share/texmf-dist/tex/latex/graphics/graph
ics.sty
Package: graphics 2020/08/30 v1.4c Standard LaTeX Graphics (DPC,SPQR)

(/opt/homebrew/Cellar/texlive/58837_1/share/texmf-dist/tex/latex/graphics/trig.
sty
Package: trig 2016/01/03 v1.10 sin cos tan (DPC)
)
(/opt/homebrew/Cellar/texlive/58837_1/share/texmf-dist/tex/latex/graphics-cfg/g
raphics.cfg
File: graphics.cfg 2016/06/04 v1.11 sample graphics configuration
)
Package graphics Info: Driver file: pdftex.def on input line 105.

(/opt/homebrew/Cellar/texlive/58837_1/share/texmf-dist/tex/latex/graphics-def/p
dftex.def
File: pdftex.def 2020/10/05 v1.2a Graphics/color driver for pdftex
))
\Gin@req@height=\dimen141
\Gin@req@width=\dimen142
)
(/opt/homebrew/Cellar/texlive/58837_1/share/texmf-dist/tex/latex/pgf/systemlaye
r/pgfsys.sty
(/opt/homebrew/Cellar/texlive/58837_1/share/texmf-dist/tex/generic/pgf/systemla
yer/pgfsys.code.tex
Package: pgfsys 2020/12/27 v3.1.8b (3.1.8b)

(/opt/homebrew/Cellar/texlive/58837_1/share/texmf-dist/tex/generic/pgf/utilitie
s/pgfkeys.code.tex
\pgfkeys@pathtoks=\toks18
\pgfkeys@temptoks=\toks19

(/opt/homebrew/Cellar/texlive/58837_1/share/texmf-dist/tex/generic/pgf/utilitie
s/pgfkeysfiltered.code.tex
\pgfkeys@tmptoks=\toks20
))
\pgf@x=\dimen143
\pgf@y=\dimen144
\pgf@xa=\dimen145
\pgf@ya=\dimen146
\pgf@xb=\dimen147
\pgf@yb=\dimen148
\pgf@xc=\dimen149
\pgf@yc=\dimen150
\pgf@xd=\dimen151
\pgf@yd=\dimen152
\w@pgf@writea=\write3
\r@pgf@reada=\read2
\c@pgf@counta=\count190
\c@pgf@countb=\count191
\c@pgf@countc=\count192
\c@pgf@countd=\count193
\t@pgf@toka=\toks21
\t@pgf@tokb=\toks22
\t@pgf@tokc=\toks23
\pgf@sys@id@count=\count194

(/opt/homebrew/Cellar/texlive/58837_1/share/texmf-dist/tex/generic/pgf/systemla
yer/pgf.cfg
File: pgf.cfg 2020/12/27 v3.1.8b (3.1.8b)
)
Driver file for pgf: pgfsys-pdftex.def

(/opt/homebrew/Cellar/texlive/58837_1/share/texmf-dist/tex/generic/pgf/systemla
yer/pgfsys-pdftex.def
File: pgfsys-pdftex.def 2020/12/27 v3.1.8b (3.1.8b)

(/opt/homebrew/Cellar/texlive/58837_1/share/texmf-dist/tex/generic/pgf/systemla
yer/pgfsys-common-pdf.def
File: pgfsys-common-pdf.def 2020/12/27 v3.1.8b (3.1.8b)
)))
(/opt/homebrew/Cellar/texlive/58837_1/share/texmf-dist/tex/generic/pgf/systemla
yer/pgfsyssoftpath.code.tex
File: pgfsyssoftpath.code.tex 2020/12/27 v3.1.8b (3.1.8b)
\pgfsyssoftpath@smallbuffer@items=\count195
\pgfsyssoftpath@bigbuffer@items=\count196
)
(/opt/homebrew/Cellar/texlive/58837_1/share/texmf-dist/tex/generic/pgf/systemla
yer/pgfsysprotocol.code.tex
File: pgfsysprotocol.code.tex 2020/12/27 v3.1.8b (3.1.8b)
))
(/opt/homebrew/Cellar/texlive/58837_1/share/texmf-dist/tex/latex/xcolor/xcolor.
sty
Package: xcolor 2016/05/11 v2.12 LaTeX color extensions (UK)

(/opt/homebrew/Cellar/texlive/58837_1/share/texmf-dist/tex/latex/graphics-cfg/c
olor.cfg
File: color.cfg 2016/01/02 v1.6 sample color configuration
)
Package xcolor Info: Driver file: pdftex.def on input line 225.
Package xcolor Info: Model `cmy' substituted by `cmy0' on input line 1348.
Package xcolor Info: Model `hsb' substituted by `rgb' on input line 1352.
Package xcolor Info: Model `RGB' extended on input line 1364.
Package xcolor Info: Model `HTML' substituted by `rgb' on input line 1366.
Package xcolor Info: Model `Hsb' substituted by `hsb' on input line 1367.
Package xcolor Info: Model `tHsb' substituted by `hsb' on input line 1368.
Package xcolor Info: Model `HSB' substituted by `hsb' on input line 1369.
Package xcolor Info: Model `Gray' substituted by `gray' on input line 1370.
Package xcolor Info: Model `wave' substituted by `hsb' on input line 1371.
)
(/opt/homebrew/Cellar/texlive/58837_1/share/texmf-dist/tex/generic/pgf/basiclay
er/pgfcore.code.tex
Package: pgfcore 2020/12/27 v3.1.8b (3.1.8b)

(/opt/homebrew/Cellar/texlive/58837_1/share/texmf-dist/tex/generic/pgf/math/pgf
math.code.tex
(/opt/homebrew/Cellar/texlive/58837_1/share/texmf-dist/tex/generic/pgf/math/pgf
mathcalc.code.tex
(/opt/homebrew/Cellar/texlive/58837_1/share/texmf-dist/tex/generic/pgf/math/pgf
mathutil.code.tex)
(/opt/homebrew/Cellar/texlive/58837_1/share/texmf-dist/tex/generic/pgf/math/pgf
mathparser.code.tex
\pgfmath@dimen=\dimen153
\pgfmath@count=\count197
\pgfmath@box=\box48
\pgfmath@toks=\toks24
\pgfmath@stack@operand=\toks25
\pgfmath@stack@operation=\toks26
)
(/opt/homebrew/Cellar/texlive/58837_1/share/texmf-dist/tex/generic/pgf/math/pgf
mathfunctions.code.tex
(/opt/homebrew/Cellar/texlive/58837_1/share/texmf-dist/tex/generic/pgf/math/pgf
mathfunctions.basic.code.tex)
(/opt/homebrew/Cellar/texlive/58837_1/share/texmf-dist/tex/generic/pgf/math/pgf
mathfunctions.trigonometric.code.tex)
(/opt/homebrew/Cellar/texlive/58837_1/share/texmf-dist/tex/generic/pgf/math/pgf
mathfunctions.random.code.tex)
(/opt/homebrew/Cellar/texlive/58837_1/share/texmf-dist/tex/generic/pgf/math/pgf
mathfunctions.comparison.code.tex)
(/opt/homebrew/Cellar/texlive/58837_1/share/texmf-dist/tex/generic/pgf/math/pgf
mathfunctions.base.code.tex)
(/opt/homebrew/Cellar/texlive/58837_1/share/texmf-dist/tex/generic/pgf/math/pgf
mathfunctions.round.code.tex)
(/opt/homebrew/Cellar/texlive/58837_1/share/texmf-dist/tex/generic/pgf/math/pgf
mathfunctions.misc.code.tex)
(/opt/homebrew/Cellar/texlive/58837_1/share/texmf-dist/tex/generic/pgf/math/pgf
mathfunctions.integerarithmetics.code.tex)))
(/opt/homebrew/Cellar/texlive/58837_1/share/texmf-dist/tex/generic/pgf/math/pgf
mathfloat.code.tex
\c@pgfmathroundto@lastzeros=\count198
))
(/opt/homebrew/Cellar/texlive/58837_1/share/texmf-dist/tex/generic/pgf/math/pgf
int.code.tex)
(/opt/homebrew/Cellar/texlive/58837_1/share/texmf-dist/tex/generic/pgf/basiclay
er/pgfcorepoints.code.tex
File: pgfcorepoints.code.tex 2020/12/27 v3.1.8b (3.1.8b)
\pgf@picminx=\dimen154
\pgf@picmaxx=\dimen155
\pgf@picminy=\dimen156
\pgf@picmaxy=\dimen157
\pgf@pathminx=\dimen158
\pgf@pathmaxx=\dimen159
\pgf@pathminy=\dimen160
\pgf@pathmaxy=\dimen161
\pgf@xx=\dimen162
\pgf@xy=\dimen163
\pgf@yx=\dimen164
\pgf@yy=\dimen165
\pgf@zx=\dimen166
\pgf@zy=\dimen167
)
(/opt/homebrew/Cellar/texlive/58837_1/share/texmf-dist/tex/generic/pgf/basiclay
er/pgfcorepathconstruct.code.tex
File: pgfcorepathconstruct.code.tex 2020/12/27 v3.1.8b (3.1.8b)
\pgf@path@lastx=\dimen168
\pgf@path@lasty=\dimen169
)
(/opt/homebrew/Cellar/texlive/58837_1/share/texmf-dist/tex/generic/pgf/basiclay
er/pgfcorepathusage.code.tex
File: pgfcorepathusage.code.tex 2020/12/27 v3.1.8b (3.1.8b)
\pgf@shorten@end@additional=\dimen170
\pgf@shorten@start@additional=\dimen171
)
(/opt/homebrew/Cellar/texlive/58837_1/share/texmf-dist/tex/generic/pgf/basiclay
er/pgfcorescopes.code.tex
File: pgfcorescopes.code.tex 2020/12/27 v3.1.8b (3.1.8b)
\pgfpic=\box49
\pgf@hbox=\box50
\pgf@layerbox@main=\box51
\pgf@picture@serial@count=\count199
)
(/opt/homebrew/Cellar/texlive/58837_1/share/texmf-dist/tex/generic/pgf/basiclay
er/pgfcoregraphicstate.code.tex
File: pgfcoregraphicstate.code.tex 2020/12/27 v3.1.8b (3.1.8b)
\pgflinewidth=\dimen172
)
(/opt/homebrew/Cellar/texlive/58837_1/share/texmf-dist/tex/generic/pgf/basiclay
er/pgfcoretransformations.code.tex
File: pgfcoretransformations.code.tex 2020/12/27 v3.1.8b (3.1.8b)
\pgf@pt@x=\dimen173
\pgf@pt@y=\dimen174
\pgf@pt@temp=\dimen175
)
(/opt/homebrew/Cellar/texlive/58837_1/share/texmf-dist/tex/generic/pgf/basiclay
er/pgfcorequick.code.tex
File: pgfcorequick.code.tex 2020/12/27 v3.1.8b (3.1.8b)
)
(/opt/homebrew/Cellar/texlive/58837_1/share/texmf-dist/tex/generic/pgf/basiclay
er/pgfcoreobjects.code.tex
File: pgfcoreobjects.code.tex 2020/12/27 v3.1.8b (3.1.8b)
)
(/opt/homebrew/Cellar/texlive/58837_1/share/texmf-dist/tex/generic/pgf/basiclay
er/pgfcorepathprocessing.code.tex
File: pgfcorepathprocessing.code.tex 2020/12/27 v3.1.8b (3.1.8b)
)
(/opt/homebrew/Cellar/texlive/58837_1/share/texmf-dist/tex/generic/pgf/basiclay
er/pgfcorearrows.code.tex
File: pgfcorearrows.code.tex 2020/12/27 v3.1.8b (3.1.8b)
\pgfarrowsep=\dimen176
)
(/opt/homebrew/Cellar/texlive/58837_1/share/texmf-dist/tex/generic/pgf/basiclay
er/pgfcoreshade.code.tex
File: pgfcoreshade.code.tex 2020/12/27 v3.1.8b (3.1.8b)
\pgf@max=\dimen177
\pgf@sys@shading@range@num=\count266
\pgf@shadingcount=\count267
)
(/opt/homebrew/Cellar/texlive/58837_1/share/texmf-dist/tex/generic/pgf/basiclay
er/pgfcoreimage.code.tex
File: pgfcoreimage.code.tex 2020/12/27 v3.1.8b (3.1.8b)

(/opt/homebrew/Cellar/texlive/58837_1/share/texmf-dist/tex/generic/pgf/basiclay
er/pgfcoreexternal.code.tex
File: pgfcoreexternal.code.tex 2020/12/27 v3.1.8b (3.1.8b)
\pgfexternal@startupbox=\box52
))
(/opt/homebrew/Cellar/texlive/58837_1/share/texmf-dist/tex/generic/pgf/basiclay
er/pgfcorelayers.code.tex
File: pgfcorelayers.code.tex 2020/12/27 v3.1.8b (3.1.8b)
)
(/opt/homebrew/Cellar/texlive/58837_1/share/texmf-dist/tex/generic/pgf/basiclay
er/pgfcoretransparency.code.tex
File: pgfcoretransparency.code.tex 2020/12/27 v3.1.8b (3.1.8b)
)
(/opt/homebrew/Cellar/texlive/58837_1/share/texmf-dist/tex/generic/pgf/basiclay
er/pgfcorepatterns.code.tex
File: pgfcorepatterns.code.tex 2020/12/27 v3.1.8b (3.1.8b)
)
(/opt/homebrew/Cellar/texlive/58837_1/share/texmf-dist/tex/generic/pgf/basiclay
er/pgfcorerdf.code.tex
File: pgfcorerdf.code.tex 2020/12/27 v3.1.8b (3.1.8b)
)))
(/opt/homebrew/Cellar/texlive/58837_1/share/texmf-dist/tex/generic/pgf/modules/
pgfmoduleshapes.code.tex
File: pgfmoduleshapes.code.tex 2020/12/27 v3.1.8b (3.1.8b)
\pgfnodeparttextbox=\box53
)
(/opt/homebrew/Cellar/texlive/58837_1/share/texmf-dist/tex/generic/pgf/modules/
pgfmoduleplot.code.tex
File: pgfmoduleplot.code.tex 2020/12/27 v3.1.8b (3.1.8b)
)
(/opt/homebrew/Cellar/texlive/58837_1/share/texmf-dist/tex/latex/pgf/compatibil
ity/pgfcomp-version-0-65.sty
Package: pgfcomp-version-0-65 2020/12/27 v3.1.8b (3.1.8b)
\pgf@nodesepstart=\dimen178
\pgf@nodesepend=\dimen179
)
(/opt/homebrew/Cellar/texlive/58837_1/share/texmf-dist/tex/latex/pgf/compatibil
ity/pgfcomp-version-1-18.sty
Package: pgfcomp-version-1-18 2020/12/27 v3.1.8b (3.1.8b)
))
(/opt/homebrew/Cellar/texlive/58837_1/share/texmf-dist/tex/latex/pgf/utilities/
pgffor.sty
(/opt/homebrew/Cellar/texlive/58837_1/share/texmf-dist/tex/latex/pgf/utilities/
pgfkeys.sty
(/opt/homebrew/Cellar/texlive/58837_1/share/texmf-dist/tex/generic/pgf/utilitie
s/pgfkeys.code.tex))
(/opt/homebrew/Cellar/texlive/58837_1/share/texmf-dist/tex/latex/pgf/math/pgfma
th.sty
(/opt/homebrew/Cellar/texlive/58837_1/share/texmf-dist/tex/generic/pgf/math/pgf
math.code.tex))
(/opt/homebrew/Cellar/texlive/58837_1/share/texmf-dist/tex/generic/pgf/utilitie
s/pgffor.code.tex
Package: pgffor 2020/12/27 v3.1.8b (3.1.8b)

(/opt/homebrew/Cellar/texlive/58837_1/share/texmf-dist/tex/generic/pgf/math/pgf
math.code.tex)
\pgffor@iter=\dimen180
\pgffor@skip=\dimen181
\pgffor@stack=\toks27
\pgffor@toks=\toks28
))
(/opt/homebrew/Cellar/texlive/58837_1/share/texmf-dist/tex/generic/pgf/frontend
layer/tikz/tikz.code.tex
Package: tikz 2020/12/27 v3.1.8b (3.1.8b)

(/opt/homebrew/Cellar/texlive/58837_1/share/texmf-dist/tex/generic/pgf/librarie
s/pgflibraryplothandlers.code.tex
File: pgflibraryplothandlers.code.tex 2020/12/27 v3.1.8b (3.1.8b)
\pgf@plot@mark@count=\count268
\pgfplotmarksize=\dimen182
)
\tikz@lastx=\dimen183
\tikz@lasty=\dimen184
\tikz@lastxsaved=\dimen185
\tikz@lastysaved=\dimen186
\tikz@lastmovetox=\dimen187
\tikz@lastmovetoy=\dimen188
\tikzleveldistance=\dimen189
\tikzsiblingdistance=\dimen190
\tikz@figbox=\box54
\tikz@figbox@bg=\box55
\tikz@tempbox=\box56
\tikz@tempbox@bg=\box57
\tikztreelevel=\count269
\tikznumberofchildren=\count270
\tikznumberofcurrentchild=\count271
\tikz@fig@count=\count272

(/opt/homebrew/Cellar/texlive/58837_1/share/texmf-dist/tex/generic/pgf/modules/
pgfmodulematrix.code.tex
File: pgfmodulematrix.code.tex 2020/12/27 v3.1.8b (3.1.8b)
\pgfmatrixcurrentrow=\count273
\pgfmatrixcurrentcolumn=\count274
\pgf@matrix@numberofcolumns=\count275
)
\tikz@expandcount=\count276

(/opt/homebrew/Cellar/texlive/58837_1/share/texmf-dist/tex/generic/pgf/frontend
layer/tikz/libraries/tikzlibrarytopaths.code.tex
File: tikzlibrarytopaths.code.tex 2020/12/27 v3.1.8b (3.1.8b)
)))
\sa@box=\box58
) (./nu-fibre-style.tex
(/opt/homebrew/Cellar/texlive/58837_1/share/texmf-dist/tex/generic/pgf/frontend
layer/tikz/libraries/tikzlibrarycalc.code.tex
File: tikzlibrarycalc.code.tex 2020/12/27 v3.1.8b (3.1.8b)
)
(/opt/homebrew/Cellar/texlive/58837_1/share/texmf-dist/tex/generic/pgf/frontend
layer/tikz/libraries/tikzlibrarydecorations.pathreplacing.code.tex
(/opt/homebrew/Cellar/texlive/58837_1/share/texmf-dist/tex/generic/pgf/frontend
layer/tikz/libraries/tikzlibrarydecorations.code.tex
(/opt/homebrew/Cellar/texlive/58837_1/share/texmf-dist/tex/generic/pgf/modules/
pgfmoduledecorations.code.tex
\pgfdecoratedcompleteddistance=\dimen191
\pgfdecoratedremainingdistance=\dimen192
\pgfdecoratedinputsegmentcompleteddistance=\dimen193
\pgfdecoratedinputsegmentremainingdistance=\dimen194
\p